---
source: crates/fraiseql-core/tests/window_function_snapshots.rs
expression: "plan_and_generate(&query(), DatabaseType::PostgreSQL)"
---
SELECT revenue AS revenue, data->>'category' as category AS data->>'category' as category, ROW_NUMBER() OVER (PARTITION BY data->>'category' ORDER BY revenue DESC) AS rank FROM tf_sales
